<html>
<body>
<pre>
<h1>µVision Build Log</h1>
<h2>Tool Versions:</h2>
IDE-Version: µVision V5.13.0.0
Copyright (C) 2014 ARM Ltd and ARM Germany GmbH. All rights reserved.
License Information: Fedor Belkin, NNTU, LIC=----
 
Tool Versions:
Toolchain:       MDK-Lite  Version: 5.13.0.0
Toolchain Path:  C:\Keil_v5\ARM\ARMCC\Bin
C Compiler:      Armcc.exe V5.05 update 1 (build 106)
Assembler:       Armasm.exe V5.05 update 1 (build 106)
Linker/Locator:  ArmLink.exe V5.05 update 1 (build 106)
Library Manager: ArmAr.exe V5.05 update 1 (build 106)
Hex Converter:   FromElf.exe V5.05 update 1 (build 106)
CPU DLL:         SARMCM3.DLL V5.13.0.0
Dialog DLL:      DCM.DLL V1.13.1.0
Target DLL:      lmidk-agdi.dll V???
Dialog DLL:      TCM.DLL V1.14.4.0
 
<h2>Project:</h2>
C:\Main\Projects\WindDiesel\Repos\zer\ZER_1.uvprojx
Project File Date:  09/22/2015

<h2>Output:</h2>
Rebuild target 'Target 1'
compiling main.c...
utilities.h(43): warning:  #1-D: last line of file ends without a newline
  #endif
main.c(109): warning:  #167-D: argument of type "uint8_t *" is incompatible with parameter of type "char *restrict"
                sprintf(UART_DATA_OUT, "|-->>>>>  INITIAL SEQUENCE  <<<<<--|\n\r");
main.c(111): warning:  #167-D: argument of type "uint8_t *" is incompatible with parameter of type "char *restrict"
                sprintf(UART_DATA_OUT, "|--STEP CHECK--| Pos = %i || Angle= %i %%\n\r", stepWatch, calcStepAngle());
main.c(114): warning:  #167-D: argument of type "uint8_t *" is incompatible with parameter of type "char *restrict"
                sprintf(UART_DATA_OUT, "|---ADC CHECK--| ADC_1 = %i mV\n\r", ADC1_VAL);
main.c(117): warning:  #167-D: argument of type "uint8_t *" is incompatible with parameter of type "char *restrict"
                sprintf(UART_DATA_OUT, "|---ADC CHECK--| ADC_1 = %i mV\n\r", ADC1_VAL);
main.c(120): warning:  #167-D: argument of type "uint8_t *" is incompatible with parameter of type "char *restrict"
                sprintf(UART_DATA_OUT, "|---ADC CHECK--| ADC_1 = %i mV\n\r", ADC1_VAL);
main.c(122): warning:  #167-D: argument of type "uint8_t *" is incompatible with parameter of type "char *restrict"
                sprintf(UART_DATA_OUT, "| ============ = END = ============ |\n\r");
main.c(126): warning:  #167-D: argument of type "uint8_t *" is incompatible with parameter of type "char *restrict"
                                sprintf(UART_DATA_OUT, "|--- RETURNING TO INITIAL POINT...  ---|\n\r");
main.c(133): warning:  #167-D: argument of type "uint8_t *" is incompatible with parameter of type "char *restrict"
                                sprintf(UART_DATA_OUT, "|--INITIAL--| Pos = %i || Angle= %i %%\n\r", stepWatch, calcStepAngle());
main.c(135): warning:  #167-D: argument of type "uint8_t *" is incompatible with parameter of type "char *restrict"
                                sprintf(UART_DATA_OUT, "|--INITIAL--| MIN = %i || MAX= %i \n\r", GetThMin(), GetThMax());
main.c(149): warning:  #167-D: argument of type "uint8_t *" is incompatible with parameter of type "char *restrict"
                                                        sprintf(UART_DATA_OUT, " --- ZER: init MODE ---\n\r");
main.c(151): warning:  #167-D: argument of type "uint8_t *" is incompatible with parameter of type "char *restrict"
                                                        sprintf(UART_DATA_OUT, "|--INITIAL--| Pos = %i || Angle= %i %%\n\r", stepWatch, calcStepAngle());
main.c(153): warning:  #167-D: argument of type "uint8_t *" is incompatible with parameter of type "char *restrict"
                                                        sprintf(UART_DATA_OUT, "|--INITIAL--| MIN = %i || MAX= %i \n\r", GetThMin(), GetThMax());
main.c(162): warning:  #167-D: argument of type "uint8_t *" is incompatible with parameter of type "char *restrict"
                                                        sprintf(UART_DATA_OUT, " --- ZER: config MODE ---\n\r");
main.c(167): warning:  #167-D: argument of type "uint8_t *" is incompatible with parameter of type "char *restrict"
                                                                                                sprintf(UART_DATA_OUT, " --- ZER: please set the MIN throttle position by pushing <B> ---\n\r");
main.c(176): warning:  #167-D: argument of type "uint8_t *" is incompatible with parameter of type "char *restrict"
                                                                                                sprintf(UART_DATA_OUT, " --- ZER: please set the MAX throttle position by pushing <F> ---\n\r");
main.c(183): warning:  #167-D: argument of type "uint8_t *" is incompatible with parameter of type "char *restrict"
                                                                                                sprintf(UART_DATA_OUT, " --- ZER: Config is done! ---\n\r");
main.c(185): warning:  #167-D: argument of type "uint8_t *" is incompatible with parameter of type "char *restrict"
                                                                                                sprintf(UART_DATA_OUT, " --- ZER: MIN = %i || MAX = %i ---\n\r", GetThMin(), GetThMax());
main.c(187): warning:  #167-D: argument of type "uint8_t *" is incompatible with parameter of type "char *restrict"
                                                                                                sprintf(UART_DATA_OUT, " --- ZER: <exit> to change mode ---\n\r");
main.c(189): warning:  #167-D: argument of type "uint8_t *" is incompatible with parameter of type "char *restrict"
                                                                                                sprintf(UART_DATA_OUT, " --- ZER: <config> to reconfigure MIN & MAX ---\n\r");
main.c(200): warning:  #167-D: argument of type "uint8_t *" is incompatible with parameter of type "char *restrict"
                                                        sprintf(UART_DATA_OUT, " --- ZER: manual MODE ---\n\r");
main.c(208): warning:  #167-D: argument of type "uint8_t *" is incompatible with parameter of type "char *restrict"
                                                        sprintf(UART_DATA_OUT, " --- ZER: adc_read MODE ---\n\r");
main.c(213): warning:  #167-D: argument of type "uint8_t *" is incompatible with parameter of type "char *restrict"
                                                                        sprintf(UART_DATA_OUT, "ADC_1 = %i mV\n\r", ADC1_VAL);
main.c(219): warning:  #167-D: argument of type "uint8_t *" is incompatible with parameter of type "char *restrict"
                                                        sprintf(UART_DATA_OUT, " --- ZER: normal MODE ---\n\r");
main.c(229): warning:  #167-D: argument of type "uint8_t *" is incompatible with parameter of type "char *restrict"
                                                                                        sprintf(UART_DATA_OUT, "%i\n\r",calcStepAngle());
main.c(236): warning:  #167-D: argument of type "uint8_t *" is incompatible with parameter of type "char *restrict"
                                                                                        sprintf(UART_DATA_OUT, "%i\n\r",calcStepAngle());
main.c(247): warning:  #167-D: argument of type "uint8_t *" is incompatible with parameter of type "char *restrict"
                                                        sprintf(UART_DATA_OUT, " --- ZER: neuro MODE ---\n\r");
main.c(270): warning:  #167-D: argument of type "uint8_t *" is incompatible with parameter of type "char *restrict"
                                                        sprintf(UART_DATA_OUT, " --- ZER: RF MODE ---\n\r");
main.c: 28 warnings, 0 errors
assembling startup_rvmdk.S...
compiling utilities.c...
utilities.h(43): warning:  #1-D: last line of file ends without a newline
  #endif
utilities.c(58): warning:  #177-D: variable "ui8LED" was declared but never referenced
        uint8_t ui8LED = 2;
utilities.c(200): warning:  #167-D: argument of type "uint8_t *" is incompatible with parameter of type "char *restrict"
                sprintf(UART_DATA_OUT, "|--NEURO--| going to ... -> %i \n\r", nPos);
utilities.c(210): warning:  #167-D: argument of type "uint8_t *" is incompatible with parameter of type "char *restrict"
                                                sprintf(UART_DATA_OUT, "|--CONTROL FWD-| Pos = %i || Angle= %i %%\n\r", stepWatch, calcStepAngle());
utilities.c(218): warning:  #167-D: argument of type "uint8_t *" is incompatible with parameter of type "char *restrict"
                                                sprintf(UART_DATA_OUT, "|--CONTROL BWD--| Pos = %i || Angle= %i %%\n\r", stepWatch, calcStepAngle());
utilities.c: 5 warnings, 0 errors
compiling adc_lib.c...
utilities.h(43): warning:  #1-D: last line of file ends without a newline
  #endif
adc_lib.c: 1 warning, 0 errors
compiling uart_lib.c...
utilities.h(43): warning:  #1-D: last line of file ends without a newline
  #endif
uart_lib.c(233): warning:  #167-D: argument of type "uint8_t *" is incompatible with parameter of type "const char *"
                                        if (!(strcmp(UART_DATA_IN, "init"))){
uart_lib.c(237): warning:  #167-D: argument of type "uint8_t *" is incompatible with parameter of type "const char *"
                                        } else if (!(strcmp(UART_DATA_IN, "config"))){
uart_lib.c(241): warning:  #167-D: argument of type "uint8_t *" is incompatible with parameter of type "const char *"
                                        } else if (!(strcmp(UART_DATA_IN, "manual"))){
uart_lib.c(245): warning:  #167-D: argument of type "uint8_t *" is incompatible with parameter of type "const char *"
                                        } else if (!(strcmp(UART_DATA_IN, "adc_read"))){
uart_lib.c(249): warning:  #167-D: argument of type "uint8_t *" is incompatible with parameter of type "const char *"
                                        } else if (!(strcmp(UART_DATA_IN, "normal"))){
uart_lib.c(253): warning:  #167-D: argument of type "uint8_t *" is incompatible with parameter of type "const char *"
                                        } else if (!(strcmp(UART_DATA_IN, "neuro"))){
uart_lib.c(257): warning:  #167-D: argument of type "uint8_t *" is incompatible with parameter of type "const char *"
                                        } else if (!(strcmp(UART_DATA_IN, "rf"))) {
uart_lib.c(261): warning:  #167-D: argument of type "uint8_t *" is incompatible with parameter of type "const char *"
                                        } else if (!(strcmp(UART_DATA_IN, "clean"))) {
uart_lib.c(269): warning:  #167-D: argument of type "uint8_t *" is incompatible with parameter of type "char *restrict"
                                                        sprintf(UART_DATA_OUT, "|--INTERNAL VARIABLES RESET--|\n\r");
uart_lib.c(271): warning:  #167-D: argument of type "uint8_t *" is incompatible with parameter of type "char *restrict"
                                                        sprintf(UART_DATA_OUT, "|--INITIAL--| Pos = %i || Angle= %i %%\n\r", stepWatch, calcStepAngle());
uart_lib.c(273): warning:  #167-D: argument of type "uint8_t *" is incompatible with parameter of type "char *restrict"
                                                        sprintf(UART_DATA_OUT, "|--INITIAL--| MIN = %i || MAX= %i \n\r", GetThMin(), GetThMax());
uart_lib.c(275): warning:  #167-D: argument of type "uint8_t *" is incompatible with parameter of type "const char *"
                                        } else if (!(strcmp(UART_DATA_IN, "check"))) {
uart_lib.c(277): warning:  #167-D: argument of type "uint8_t *" is incompatible with parameter of type "char *restrict"
                                                        sprintf(UART_DATA_OUT, "|--INITIAL--| Pos = %i || Angle= %i %%\n\r", stepWatch, calcStepAngle());
uart_lib.c(279): warning:  #167-D: argument of type "uint8_t *" is incompatible with parameter of type "char *restrict"
                                                        sprintf(UART_DATA_OUT, "|--INITIAL--| MIN = %i || MAX= %i \n\r", GetThMin(), GetThMax());
uart_lib.c(283): warning:  #167-D: argument of type "uint8_t *" is incompatible with parameter of type "char *restrict"
                                                        sprintf(UART_DATA_OUT, " -!!!- UNKNOWN COMMAND -!!!-\n\r");
uart_lib.c(287): warning:  #167-D: argument of type "uint8_t *" is incompatible with parameter of type "const char *"
                                        if (!(strcmp(UART_DATA_IN, "exit"))){
uart_lib.c(290): warning:  #167-D: argument of type "uint8_t *" is incompatible with parameter of type "char *restrict"
                                                        sprintf(UART_DATA_OUT, " --- ZER: EXIT ---\n\r");
uart_lib.c(295): warning:  #167-D: argument of type "uint8_t *" is incompatible with parameter of type "const char *"
                                                                                if (!(strcmp(UART_DATA_IN, "set"))){
uart_lib.c(297): warning:  #167-D: argument of type "uint8_t *" is incompatible with parameter of type "char *restrict"
                                                                                                sprintf(UART_DATA_OUT, " --- ZER: Throttle MIN position is SET ---\n\r");
uart_lib.c(300): warning:  #167-D: argument of type "uint8_t *" is incompatible with parameter of type "char *restrict"
                                                                                                sprintf(UART_DATA_OUT, " -!!!- UNKNOWN COMMAND -!!!-\n\r");
uart_lib.c(305): warning:  #167-D: argument of type "uint8_t *" is incompatible with parameter of type "const char *"
                                                                                if (!(strcmp(UART_DATA_IN, "set"))){
uart_lib.c(307): warning:  #167-D: argument of type "uint8_t *" is incompatible with parameter of type "char *restrict"
                                                                                                sprintf(UART_DATA_OUT, " --- ZER: Throttle MAX position is SET ---\n\r");
uart_lib.c(310): warning:  #167-D: argument of type "uint8_t *" is incompatible with parameter of type "char *restrict"
                                                                                                sprintf(UART_DATA_OUT, " -!!!- UNKNOWN COMMAND -!!!-\n\r");
uart_lib.c(315): warning:  #167-D: argument of type "uint8_t *" is incompatible with parameter of type "const char *"
                                                                                if (!(strcmp(UART_DATA_IN, "config"))){
uart_lib.c(318): warning:  #167-D: argument of type "uint8_t *" is incompatible with parameter of type "char *restrict"
                                                                                                sprintf(UART_DATA_OUT, " -!!!- UNKNOWN COMMAND -!!!-\n\r");
uart_lib.c(324): warning:  #223-D: function "RFSend" declared implicitly
                                                                RFSend(UART_DATA_IN);
uart_lib.c(329): warning:  #167-D: argument of type "uint8_t *" is incompatible with parameter of type "char *restrict"
                                                        sprintf(UART_DATA_OUT, " -!!!- UNKNOWN COMMAND -!!!-\n\r");
uart_lib.c(216): warning:  #550-D: variable "programMode" was set but never used
                uint32_t programMode=program.mode;
uart_lib.c: 29 warnings, 0 errors
compiling eeprom_lib.c...
utilities.h(43): warning:  #1-D: last line of file ends without a newline
  #endif
eeprom_lib.c: 1 warning, 0 errors
compiling rf_lib.c...
utilities.h(43): warning:  #1-D: last line of file ends without a newline
  #endif
rf_lib.c: 1 warning, 0 errors
linking...
Program Size: Code=10180 RO-data=1092 RW-data=1644 ZI-data=1428  
".\Objects\ZER_1.axf" - 0 Error(s), 65 Warning(s).

<h2>Collection of Component include folders:</h2>
  C:\Main\Projects\WindDiesel\Repos\zer\RTE
  C:\Keil_v5\ARM\PACK\Keil\TM4C_DFP\1.0.0\Device\Include\TM4C123

<h2>Collection of Component Files used:</h2>
</pre>
</body>
</html>
