<html>
<body>
<pre>
<h1>µVision Build Log</h1>
<h2>Project:</h2>
C:\Users\fox\Documents\GitHub\zer\ZER_1.uvprojx
Project File Date:  10/29/2015

<h2>Output:</h2>
Rebuild target 'Target 1'
compiling main.c...
utilities.h(49): warning:  #1-D: last line of file ends without a newline
  #endif
main.c(110): warning:  #167-D: argument of type "uint8_t *" is incompatible with parameter of type "char *restrict"
                sprintf(UART_DATA_OUT, "|-->>>>>  INITIAL SEQUENCE  <<<<<--|\n\r");
main.c(112): warning:  #167-D: argument of type "uint8_t *" is incompatible with parameter of type "char *restrict"
                sprintf(UART_DATA_OUT, "|--STEP CHECK--| Pos = %i || Angle= %i %%\n\r", stepWatch, calcStepAngle());
main.c(115): warning:  #167-D: argument of type "uint8_t *" is incompatible with parameter of type "char *restrict"
                sprintf(UART_DATA_OUT, "|---ADC CHECK--| ADC_1 = %i mV\n\r", ADC1_VAL);
main.c(118): warning:  #167-D: argument of type "uint8_t *" is incompatible with parameter of type "char *restrict"
                sprintf(UART_DATA_OUT, "|---ADC CHECK--| ADC_1 = %i mV\n\r", ADC1_VAL);
main.c(121): warning:  #167-D: argument of type "uint8_t *" is incompatible with parameter of type "char *restrict"
                sprintf(UART_DATA_OUT, "|---ADC CHECK--| ADC_1 = %i mV\n\r", ADC1_VAL);
main.c(123): warning:  #167-D: argument of type "uint8_t *" is incompatible with parameter of type "char *restrict"
                sprintf(UART_DATA_OUT, "| ============ = END = ============ |\n\r");
main.c(147): warning:  #167-D: argument of type "uint8_t *" is incompatible with parameter of type "char *restrict"
                                                        sprintf(UART_DATA_OUT, " --- ZER: init MODE ---\n\r");
main.c(149): warning:  #167-D: argument of type "uint8_t *" is incompatible with parameter of type "char *restrict"
                                                        sprintf(UART_DATA_OUT, "|--INITIAL--| Pos = %i || Angle= %i %%\n\r", stepWatch, calcStepAngle());
main.c(151): warning:  #167-D: argument of type "uint8_t *" is incompatible with parameter of type "char *restrict"
                                                        sprintf(UART_DATA_OUT, "|--INITIAL--| MIN = %i || MAX= %i \n\r", GetThMin(), GetThMax());
main.c(160): warning:  #167-D: argument of type "uint8_t *" is incompatible with parameter of type "char *restrict"
                                                        sprintf(UART_DATA_OUT, " --- ZER: config MODE ---\n\r");
main.c(165): warning:  #167-D: argument of type "uint8_t *" is incompatible with parameter of type "char *restrict"
                                                                                                sprintf(UART_DATA_OUT, " --- ZER: please set the MIN throttle position by pushing <B> ---\n\r");
main.c(174): warning:  #167-D: argument of type "uint8_t *" is incompatible with parameter of type "char *restrict"
                                                                                                sprintf(UART_DATA_OUT, " --- ZER: please set the MAX throttle position by pushing <F> ---\n\r");
main.c(181): warning:  #167-D: argument of type "uint8_t *" is incompatible with parameter of type "char *restrict"
                                                                                                sprintf(UART_DATA_OUT, " --- ZER: Config is done! ---\n\r");
main.c(183): warning:  #167-D: argument of type "uint8_t *" is incompatible with parameter of type "char *restrict"
                                                                                                sprintf(UART_DATA_OUT, " --- ZER: MIN = %i || MAX = %i ---\n\r", GetThMin(), GetThMax());
main.c(185): warning:  #167-D: argument of type "uint8_t *" is incompatible with parameter of type "char *restrict"
                                                                                                sprintf(UART_DATA_OUT, " --- ZER: <exit> to change mode ---\n\r");
main.c(187): warning:  #167-D: argument of type "uint8_t *" is incompatible with parameter of type "char *restrict"
                                                                                                sprintf(UART_DATA_OUT, " --- ZER: <config> to reconfigure MIN & MAX ---\n\r");
main.c(198): warning:  #167-D: argument of type "uint8_t *" is incompatible with parameter of type "char *restrict"
                                                        sprintf(UART_DATA_OUT, " --- ZER: manual MODE ---\n\r");
main.c(206): warning:  #167-D: argument of type "uint8_t *" is incompatible with parameter of type "char *restrict"
                                                        sprintf(UART_DATA_OUT, " --- ZER: adc_read MODE ---\n\r");
main.c(211): warning:  #167-D: argument of type "uint8_t *" is incompatible with parameter of type "char *restrict"
                                                                        sprintf(UART_DATA_OUT, "ADC_1 = %i mV\n\r", ADC1_VAL);
main.c(217): warning:  #167-D: argument of type "uint8_t *" is incompatible with parameter of type "char *restrict"
                                                        sprintf(UART_DATA_OUT, " --- ZER: normal MODE ---\n\r");
main.c(227): warning:  #167-D: argument of type "uint8_t *" is incompatible with parameter of type "char *restrict"
                                                                                        sprintf(UART_DATA_OUT, "%i\n\r",calcStepAngle());
main.c(234): warning:  #167-D: argument of type "uint8_t *" is incompatible with parameter of type "char *restrict"
                                                                                        sprintf(UART_DATA_OUT, "%i\n\r",calcStepAngle());
main.c(245): warning:  #167-D: argument of type "uint8_t *" is incompatible with parameter of type "char *restrict"
                                                        sprintf(UART_DATA_OUT, " --- ZER: neuro MODE ---\n\r");
main.c(255): warning:  #167-D: argument of type "uint8_t *" is incompatible with parameter of type "char *restrict"
                                                        sprintf(UART_DATA_OUT, " --- ZER: neuro2 MODE ---\n\r");
main.c(265): warning:  #167-D: argument of type "uint8_t *" is incompatible with parameter of type "char *restrict"
                                                        sprintf(UART_DATA_OUT, " --- ZER: RF MODE ---\n\r");
main.c: 26 warnings, 0 errors
assembling startup_rvmdk.S...
compiling utilities.c...
utilities.h(49): warning:  #1-D: last line of file ends without a newline
  #endif
utilities.c(61): warning:  #177-D: variable "ui8LED" was declared but never referenced
        uint8_t ui8LED = 2;
utilities.c(203): warning:  #167-D: argument of type "uint8_t *" is incompatible with parameter of type "char *restrict"
                sprintf(UART_DATA_OUT, "|--NEURO--| going to ... -> %i \n\r", nPos);
utilities.c(213): warning:  #167-D: argument of type "uint8_t *" is incompatible with parameter of type "char *restrict"
                                                sprintf(UART_DATA_OUT, "TH -> %i %%\n\r", calcStepAngle());
utilities.c(223): warning:  #167-D: argument of type "uint8_t *" is incompatible with parameter of type "char *restrict"
                                                sprintf(UART_DATA_OUT, "TH -> %i %%\n\r", calcStepAngle());
utilities.c(236): warning:  #167-D: argument of type "uint8_t *" is incompatible with parameter of type "char *restrict"
                                sprintf(UART_DATA_OUT, "|--- RETURNING TO INITIAL [MIN] POINT...  ---|\n\r");
utilities.c(243): warning:  #167-D: argument of type "uint8_t *" is incompatible with parameter of type "char *restrict"
                                sprintf(UART_DATA_OUT, "|--INITIAL--| Pos = %i || Angle= %i %%\n\r", stepWatch, calcStepAngle());
utilities.c(245): warning:  #167-D: argument of type "uint8_t *" is incompatible with parameter of type "char *restrict"
                                sprintf(UART_DATA_OUT, "|--INITIAL--| MIN = %i || MAX= %i \n\r", GetThMin(), GetThMax());
utilities.c(253): warning:  #167-D: argument of type "uint8_t *" is incompatible with parameter of type "char *restrict"
                                sprintf(UART_DATA_OUT, "|--- RETURNING TO INITIAL [MAX] POINT...  ---|\n\r");
utilities.c(260): warning:  #167-D: argument of type "uint8_t *" is incompatible with parameter of type "char *restrict"
                                sprintf(UART_DATA_OUT, "|--INITIAL--| Pos = %i || Angle= %i %%\n\r", stepWatch, calcStepAngle());
utilities.c(262): warning:  #167-D: argument of type "uint8_t *" is incompatible with parameter of type "char *restrict"
                                sprintf(UART_DATA_OUT, "|--INITIAL--| MIN = %i || MAX= %i \n\r", GetThMin(), GetThMax());
utilities.c(304): warning:  #940-D: missing return statement at end of non-void function "calcPosToGo"
  };
utilities.c: 12 warnings, 0 errors
compiling adc_lib.c...
utilities.h(49): warning:  #1-D: last line of file ends without a newline
  #endif
adc_lib.c: 1 warning, 0 errors
compiling uart_lib.c...
utilities.h(49): warning:  #1-D: last line of file ends without a newline
  #endif
uart_lib.c(233): warning:  #167-D: argument of type "uint8_t *" is incompatible with parameter of type "const char *"
                                        if (!(strcmp(UART_DATA_IN, "init"))){
uart_lib.c(237): warning:  #167-D: argument of type "uint8_t *" is incompatible with parameter of type "const char *"
                                        } else if (!(strcmp(UART_DATA_IN, "config"))){
uart_lib.c(241): warning:  #167-D: argument of type "uint8_t *" is incompatible with parameter of type "const char *"
                                        } else if (!(strcmp(UART_DATA_IN, "manual"))){
uart_lib.c(245): warning:  #167-D: argument of type "uint8_t *" is incompatible with parameter of type "const char *"
                                        } else if (!(strcmp(UART_DATA_IN, "adc_read"))){
uart_lib.c(249): warning:  #167-D: argument of type "uint8_t *" is incompatible with parameter of type "const char *"
                                        } else if (!(strcmp(UART_DATA_IN, "normal"))){
uart_lib.c(253): warning:  #167-D: argument of type "uint8_t *" is incompatible with parameter of type "const char *"
                                        } else if (!(strcmp(UART_DATA_IN, "neuro"))){
uart_lib.c(257): warning:  #167-D: argument of type "uint8_t *" is incompatible with parameter of type "const char *"
                                        } else if (!(strcmp(UART_DATA_IN, "neuro2"))){
uart_lib.c(261): warning:  #167-D: argument of type "uint8_t *" is incompatible with parameter of type "const char *"
                                        } else if (!(strcmp(UART_DATA_IN, "rf"))) {
uart_lib.c(265): warning:  #167-D: argument of type "uint8_t *" is incompatible with parameter of type "const char *"
                                        } else if (!(strcmp(UART_DATA_IN, "clean"))) {
uart_lib.c(273): warning:  #167-D: argument of type "uint8_t *" is incompatible with parameter of type "char *restrict"
                                                        sprintf(UART_DATA_OUT, "|--INTERNAL VARIABLES RESET--|\n\r");
uart_lib.c(275): warning:  #167-D: argument of type "uint8_t *" is incompatible with parameter of type "char *restrict"
                                                        sprintf(UART_DATA_OUT, "|--INITIAL--| Pos = %i || Angle= %i %%\n\r", stepWatch, calcStepAngle());
uart_lib.c(277): warning:  #167-D: argument of type "uint8_t *" is incompatible with parameter of type "char *restrict"
                                                        sprintf(UART_DATA_OUT, "|--INITIAL--| MIN = %i || MAX= %i \n\r", GetThMin(), GetThMax());
uart_lib.c(279): warning:  #167-D: argument of type "uint8_t *" is incompatible with parameter of type "const char *"
                                        } else if (!(strcmp(UART_DATA_IN, "check"))) {
uart_lib.c(281): warning:  #167-D: argument of type "uint8_t *" is incompatible with parameter of type "char *restrict"
                                                        sprintf(UART_DATA_OUT, "|--INITIAL--| Pos = %i || Angle= %i %%\n\r", stepWatch, calcStepAngle());
uart_lib.c(283): warning:  #167-D: argument of type "uint8_t *" is incompatible with parameter of type "char *restrict"
                                                        sprintf(UART_DATA_OUT, "|--INITIAL--| MIN = %i || MAX= %i \n\r", GetThMin(), GetThMax());
uart_lib.c(287): warning:  #167-D: argument of type "uint8_t *" is incompatible with parameter of type "char *restrict"
                                                        sprintf(UART_DATA_OUT, " -!!!- UNKNOWN COMMAND -!!!-\n\r");
uart_lib.c(291): warning:  #167-D: argument of type "uint8_t *" is incompatible with parameter of type "const char *"
                                        if (!(strcmp(UART_DATA_IN, "exit"))){
uart_lib.c(294): warning:  #167-D: argument of type "uint8_t *" is incompatible with parameter of type "char *restrict"
                                                        sprintf(UART_DATA_OUT, " --- ZER: EXIT ---\n\r");
uart_lib.c(299): warning:  #167-D: argument of type "uint8_t *" is incompatible with parameter of type "const char *"
                                                                                if (!(strcmp(UART_DATA_IN, "set"))){
uart_lib.c(301): warning:  #167-D: argument of type "uint8_t *" is incompatible with parameter of type "char *restrict"
                                                                                                sprintf(UART_DATA_OUT, " --- ZER: Throttle MIN position is SET ---\n\r");
uart_lib.c(304): warning:  #167-D: argument of type "uint8_t *" is incompatible with parameter of type "char *restrict"
                                                                                                sprintf(UART_DATA_OUT, " -!!!- UNKNOWN COMMAND -!!!-\n\r");
uart_lib.c(309): warning:  #167-D: argument of type "uint8_t *" is incompatible with parameter of type "const char *"
                                                                                if (!(strcmp(UART_DATA_IN, "set"))){
uart_lib.c(311): warning:  #167-D: argument of type "uint8_t *" is incompatible with parameter of type "char *restrict"
                                                                                                sprintf(UART_DATA_OUT, " --- ZER: Throttle MAX position is SET ---\n\r");
uart_lib.c(314): warning:  #167-D: argument of type "uint8_t *" is incompatible with parameter of type "char *restrict"
                                                                                                sprintf(UART_DATA_OUT, " -!!!- UNKNOWN COMMAND -!!!-\n\r");
uart_lib.c(319): warning:  #167-D: argument of type "uint8_t *" is incompatible with parameter of type "const char *"
                                                                                if (!(strcmp(UART_DATA_IN, "config"))){
uart_lib.c(322): warning:  #167-D: argument of type "uint8_t *" is incompatible with parameter of type "char *restrict"
                                                                                                sprintf(UART_DATA_OUT, " -!!!- UNKNOWN COMMAND -!!!-\n\r");
uart_lib.c(328): warning:  #223-D: function "RFSend" declared implicitly
                                                                RFSend(UART_DATA_IN);
uart_lib.c(333): warning:  #167-D: argument of type "uint8_t *" is incompatible with parameter of type "char *restrict"
                                                        sprintf(UART_DATA_OUT, " -!!!- UNKNOWN COMMAND -!!!-\n\r");
uart_lib.c: 29 warnings, 0 errors
compiling eeprom_lib.c...
utilities.h(49): warning:  #1-D: last line of file ends without a newline
  #endif
eeprom_lib.c: 1 warning, 0 errors
compiling rf_lib.c...
utilities.h(49): warning:  #1-D: last line of file ends without a newline
  #endif
rf_lib.c: 1 warning, 0 errors
linking...
Program Size: Code=10824 RO-data=1092 RW-data=1644 ZI-data=1428  
".\Objects\ZER_1.axf" - 0 Error(s), 70 Warning(s).
Load "C:\\Users\\fox\\Documents\\GitHub\\zer\\Objects\\ZER_1.axf" 
Connecting: Mode=JTAG, Speed=1000000Hz
Erase Done.
Programming Done.
Verify OK.
amming Done.
Verify OK.
